../Core/Src/main.c:94:5:main	2
../Core/Src/main.c:152:6:SystemClock_Config	3
../Core/Src/main.c:199:13:MX_CRC_Init	2
../Core/Src/main.c:225:13:MX_USART2_UART_Init	2
../Core/Src/main.c:258:13:MX_USART6_UART_Init	2
../Core/Src/main.c:291:13:MX_GPIO_Init	1
../Core/Src/main.c:328:6:printmsg	1
../Core/Src/main.c:343:6:bootloader_jump_to_user_app	1
../Core/Src/main.c:372:6:bootloader_uart_read_data	13
../Core/Src/main.c:438:6:bootloader_send_ack	1
../Core/Src/main.c:447:6:bootloader_send_nack	1
../Core/Src/main.c:454:6:bootloader_uart_write_data	1
../Core/Src/main.c:460:9:bootloader_verify_crc	3
../Core/Src/main.c:483:9:get_bootloader_version	1
../Core/Src/main.c:489:10:get_mcu_chip_id	1
../Core/Src/main.c:497:9:get_flash_rdp_level	1
../Core/Src/main.c:509:9:verify_address	5
../Core/Src/main.c:532:9:execute_flash_erase	3
../Core/Src/main.c:572:9:execute_mem_write	3
../Core/Src/main.c:596:10:read_OB_rw_protection_status	1
../Core/Src/main.c:606:9:configure_flash_sector_rw_protection	5
../Core/Src/main.c:662:6:bootloader_handle_getver_cmd	2
../Core/Src/main.c:699:6:bootloader_handle_gethelp_cmd	2
../Core/Src/main.c:730:6:bootloader_handle_getcid_cmd	2
../Core/Src/main.c:767:6:bootloader_handle_getrdp_cmd	2
../Core/Src/main.c:804:6:bootloader_handle_go_cmd	3
../Core/Src/main.c:862:6:bootloader_handle_flash_erase_cmd	2
../Core/Src/main.c:906:6:bootloader_handle_mem_write_cmd	3
../Core/Src/main.c:970:6:bootloader_handle_en_rw_protect	2
../Core/Src/main.c:1008:6:bootloader_handle_mem_read	1
../Core/Src/main.c:1017:6:bootloader_handle_read_sector_protection_status	2
../Core/Src/main.c:1055:6:bootloader_handle_read_otp	1
../Core/Src/main.c:1064:6:bootloader_handle_dis_rw_protect	2
../Core/Src/main.c:1105:6:Error_Handler	1
