../Core/Src/main.c:79:5:main	8	static
../Core/Src/main.c:137:6:SystemClock_Config	88	static
../Core/Src/main.c:184:13:MX_CRC_Init	8	static
../Core/Src/main.c:210:13:MX_USART2_UART_Init	8	static
../Core/Src/main.c:243:13:MX_USART6_UART_Init	8	static
../Core/Src/main.c:276:13:MX_GPIO_Init	48	static
../Core/Src/main.c:313:6:printmsg	96	static
../Core/Src/main.c:328:6:bootloader_jump_to_user_app	24	static,ignoring_inline_asm
../Core/Src/main.c:357:6:bootloader_uart_read_data	16	static
../Core/Src/main.c:395:9:bootloader_verify_crc	40	static
../Core/Src/main.c:420:6:bootloader_send_ack	24	static
../Core/Src/main.c:431:6:bootloader_send_nack	16	static
../Core/Src/main.c:440:6:bootloader_uart_write_data	16	static
../Core/Src/main.c:448:9:get_bootloader_version	4	static
../Core/Src/main.c:456:6:bootloader_handle_getver_cmd	32	static
../Core/Src/main.c:489:9:execute_flash_erase	48	static
../Core/Src/main.c:539:6:bootloader_handle_flash_erase_cmd	32	static
../Core/Src/main.c:584:6:Error_Handler	4	static,ignoring_inline_asm
