../Core/Src/main.c:87:5:main	8	static
../Core/Src/main.c:145:6:SystemClock_Config	88	static
../Core/Src/main.c:192:13:MX_CRC_Init	8	static
../Core/Src/main.c:218:13:MX_USART2_UART_Init	8	static
../Core/Src/main.c:251:13:MX_USART6_UART_Init	8	static
../Core/Src/main.c:284:13:MX_GPIO_Init	48	static
../Core/Src/main.c:321:6:printmsg	96	static
../Core/Src/main.c:336:6:bootloader_jump_to_user_app	24	static,ignoring_inline_asm
../Core/Src/main.c:365:6:bootloader_uart_read_data	16	static
../Core/Src/main.c:412:9:bootloader_verify_crc	40	static
../Core/Src/main.c:437:6:bootloader_send_ack	24	static
../Core/Src/main.c:448:6:bootloader_send_nack	16	static
../Core/Src/main.c:457:6:bootloader_uart_write_data	16	static
../Core/Src/main.c:465:9:get_bootloader_version	4	static
../Core/Src/main.c:473:6:bootloader_handle_getver_cmd	32	static
../Core/Src/main.c:506:9:execute_flash_erase	48	static
../Core/Src/main.c:556:6:bootloader_handle_flash_erase_cmd	32	static
../Core/Src/main.c:598:10:get_mcu_chip_id	16	static
../Core/Src/main.c:610:6:bootloader_handle_getcid_cmd	32	static
../Core/Src/main.c:636:9:get_flash_rdp_level	16	static
../Core/Src/main.c:647:6:bootloader_handle_getrdp_cmd	32	static
../Core/Src/main.c:673:6:bootloader_handle_gethelp_cmd	24	static
../Core/Src/main.c:699:6:Error_Handler	4	static,ignoring_inline_asm
